ASxxxx Linker V02.00 + NoICE + sdld,  page 1.
Hexadecimal

Area                               Addr   Size   Decimal Bytes (Attributes)
--------------------------------   ----   ----   ------- ----- ------------
CABS                               0000   0000 =      0. bytes (ABS,CON,CODE)

      Value  Global                              Global Defined In Module
      -----  ---------------------------------   ------------------------
       0C:  FFFFFF00  s_BSEG                           
       0C:  0000  l_BSEG                           
       0C:  0000  l_BSEG_BYTES                     
       0C:  0000  l_CABS                           
       0C:  0000  l_CONST                          
       0C:  0000  l_GSINIT1                        
       0C:  0000  l_GSINIT5                        
       0C:  0000  l_IABS                           
       0C:  0000  l_ISEG                           
       0C:  0000  l_OSEG                           
       0C:  0000  l_PSEG                           
       0C:  0000  l_REG_BANK_1                     
       0C:  0000  l_REG_BANK_2                     
       0C:  0000  l_REG_BANK_3                     
       0C:  0000  l_RSEG                           
       0C:  0000  l_RSEG0                          
       0C:  0000  l_RSEG1                          
       0C:  0000  l_XABS                           
       0C:  0000  l_XINIT                          
       0C:  0000  l_XISEG                          
       0C:  0000  l_XSEG                           
       0C:  0000  l__CODE                          
       0C:  0000  s_BSEG_BYTES                     
       0C:  0000  s_CABS                           
       0C:  0000  s_DSEG                           
       0C:  0000  s_HOME                           
       0C:  0000  s_IABS                           
       0C:  0000  s_ISEG                           
       0C:  0000  s_PSEG                           
       0C:  0000  s_REG_BANK_0                     
       0C:  0000  s_RSEG                           
       0C:  0000  s_RSEG0                          
       0C:  0000  s_RSEG1                          
       0C:  0000  s_XABS                           
       0C:  0000  s_XISEG                          
       0C:  0000  s_XSEG                           
       0C:  0001  l_BIT_BANK                       
       0C:  0003  l_GSFINAL                        
       0C:  0003  l_GSINIT0                        
       0C:  0008  l_REG_BANK_0                     
       0C:  0008  s_REG_BANK_1                     
       0C:  000A  l_GSINIT2                        
       0C:  0010  s_REG_BANK_2                     
       0C:  0013  l_HOME                           
       0C:  0013  s_GSINIT0                        
       0C:  0016  s_GSINIT1                        
       0C:  0016  s_GSINIT2                        
       0C:  0018  s_REG_BANK_3                     
       0C:  0020  s_BIT_BANK                       
       0C:  0020  s_GSINIT3                        
ASxxxx Linker V02.00 + NoICE + sdld,  page 2.
Hexadecimal

Area                               Addr   Size   Decimal Bytes (Attributes)
--------------------------------   ----   ----   ------- ----- ------------
CABS                               0000   0000 =      0. bytes (ABS,CON,CODE)

      Value  Global                              Global Defined In Module
      -----  ---------------------------------   ------------------------
       0C:  0020  s_OSEG                           
       0C:  0020  s__CODE                          
       0C:  0022  l_GSINIT3                        
       0C:  002A  l_GSINIT4                        
       0C:  0042  s_GSINIT4                        
       0C:  004F  s_SSEG                           
       0C:  0069  l_DSEG                           
       0C:  006A  l_GSINIT                         
       0C:  006C  s_GSINIT                         
       0C:  006C  s_GSINIT5                        
       0C:  00B1  l_SSEG                           
       0C:  00D6  s_GSFINAL                        
       0C:  00D9  s_CSEG                           
       0C:  0100  l_IRAM                           
       0C:  0BE3  l_CSEG                           
       0C:  0CBC  s_CONST                          
       0C:  0CBC  s_XINIT                          

ASxxxx Linker V02.00 + NoICE + sdld,  page 3.
Hexadecimal

Area                               Addr   Size   Decimal Bytes (Attributes)
--------------------------------   ----   ----   ------- ----- ------------
XABS                               0000   0000 =      0. bytes (ABS,CON,XDATA)

      Value  Global                              Global Defined In Module
      -----  ---------------------------------   ------------------------
ASxxxx Linker V02.00 + NoICE + sdld,  page 4.
Hexadecimal

Area                               Addr   Size   Decimal Bytes (Attributes)
--------------------------------   ----   ----   ------- ----- ------------
IABS                               0000   0000 =      0. bytes (ABS,CON)

      Value  Global                              Global Defined In Module
      -----  ---------------------------------   ------------------------
ASxxxx Linker V02.00 + NoICE + sdld,  page 5.
Hexadecimal

Area                               Addr   Size   Decimal Bytes (Attributes)
--------------------------------   ----   ----   ------- ----- ------------
RSEG1                              0000   0000 =      0. bytes (ABS,CON)

      Value  Global                              Global Defined In Module
      -----  ---------------------------------   ------------------------
ASxxxx Linker V02.00 + NoICE + sdld,  page 6.
Hexadecimal

Area                               Addr   Size   Decimal Bytes (Attributes)
--------------------------------   ----   ----   ------- ----- ------------
RSEG0                              0000   0000 =      0. bytes (ABS,CON)

      Value  Global                              Global Defined In Module
      -----  ---------------------------------   ------------------------
ASxxxx Linker V02.00 + NoICE + sdld,  page 7.
Hexadecimal

Area                               Addr   Size   Decimal Bytes (Attributes)
--------------------------------   ----   ----   ------- ----- ------------
RSEG                               0000   0000 =      0. bytes (ABS,CON)

      Value  Global                              Global Defined In Module
      -----  ---------------------------------   ------------------------
ASxxxx Linker V02.00 + NoICE + sdld,  page 8.
Hexadecimal

Area                               Addr   Size   Decimal Bytes (Attributes)
--------------------------------   ----   ----   ------- ----- ------------
.	.ABS.                            0000   0000 =      0. bytes (ABS,CON)

      Value  Global                              Global Defined In Module
      -----  ---------------------------------   ------------------------
            0000  .__.ABS.                         
            0080  _P0                              
            0080  _P0_0                            
            0081  _P0_1                            
            0081  _SP                              
            0082  _DPL                             
            0082  _P0_2                            
            0083  _DPH                             
            0083  _P0_3                            
            0084  _P0_4                            
            0085  _P0_5                            
            0086  _P0_6                            
            0087  _P0_7                            
            0087  _PCON                            
            0088  _IT0                             
            0088  _TCON                            
            0089  _IE0                             
            0089  _TMOD                            
            008A  _IT1                             
            008A  _TL0                             
            008B  _IE1                             
            008B  _TL1                             
            008C  _TH0                             
            008C  _TR0                             
            008D  _TF0                             
            008D  _TH1                             
            008E  _TR1                             
            008F  _TF1                             
            0090  _P1                              
            0090  _P1_0                            
            0091  _P1_1                            
            0092  _P1_2                            
            0093  _P1_3                            
            0094  _P1_4                            
            0095  _P1_5                            
            0096  _P1_6                            
            0097  _P1_7                            
            0098  _RI                              
            0098  _SCON                            
            0099  _SBUF                            
            0099  _TI                              
            009A  _RB8                             
            009B  _TB8                             
            009C  _REN                             
            009D  _SM2                             
            009E  _SM1                             
            009F  _SM0                             
            00A0  _P2                              
            00A0  _P2_0                            
            00A0  __XPAGE                          
ASxxxx Linker V02.00 + NoICE + sdld,  page 9.
Hexadecimal

Area                               Addr   Size   Decimal Bytes (Attributes)
--------------------------------   ----   ----   ------- ----- ------------
.	.ABS.                            0000   0000 =      0. bytes (ABS,CON)

      Value  Global                              Global Defined In Module
      -----  ---------------------------------   ------------------------
            00A1  _P2_1                            
            00A2  _P2_2                            
            00A3  _P2_3                            
            00A4  _P2_4                            
            00A5  _P2_5                            
            00A6  _P2_6                            
            00A7  _P2_7                            
            00A8  _EX0                             
            00A8  _IE                              
            00A9  _ET0                             
            00AA  _EX1                             
            00AB  _ET1                             
            00AC  _ES                              
            00AF  _EA                              
            00B0  _P3                              
            00B0  _P3_0                            
            00B0  _RXD                             
            00B1  _P3_1                            
            00B1  _TXD                             
            00B2  _INT0                            
            00B2  _P3_2                            
            00B3  _INT1                            
            00B3  _P3_3                            
            00B4  _P3_4                            
            00B4  _T0                              
            00B5  _P3_5                            
            00B5  _T1                              
            00B6  _P3_6                            
            00B6  _WR                              
            00B7  _P3_7                            
            00B7  _RD                              
            00B8  _IP                              
            00B8  _PX0                             
            00B9  _PT0                             
            00BA  _PX1                             
            00BB  _PT1                             
            00BC  _PS                              
            00D0  _P                               
            00D0  _PSW                             
            00D1  _F1                              
            00D2  _OV                              
            00D3  _RS0                             
            00D4  _RS1                             
            00D5  _F0                              
            00D6  _AC                              
            00D7  _CY                              
            00E0  _ACC                             
            00F0  _B                               
            00F5  _B_5                             
            00F6  _B_6                             
            00F7  _B_7                             

ASxxxx Linker V02.00 + NoICE + sdld,  page 10.
Hexadecimal

Area                               Addr   Size   Decimal Bytes (Attributes)
--------------------------------   ----   ----   ------- ----- ------------
BSEG_BYTES                         0000   0000 =      0. bytes (REL,CON)

      Value  Global                              Global Defined In Module
      -----  ---------------------------------   ------------------------
ASxxxx Linker V02.00 + NoICE + sdld,  page 11.
Hexadecimal

Area                               Addr   Size   Decimal Bytes (Attributes)
--------------------------------   ----   ----   ------- ----- ------------
_CODE                              0020   0000 =      0. bytes (REL,CON)

      Value  Global                              Global Defined In Module
      -----  ---------------------------------   ------------------------
ASxxxx Linker V02.00 + NoICE + sdld,  page 12.
Hexadecimal

Area                               Addr   Size   Decimal Bytes (Attributes)
--------------------------------   ----   ----   ------- ----- ------------
REG_BANK_0                         0000   0008 =      8. bytes (REL,OVR)

      Value  Global                              Global Defined In Module
      -----  ---------------------------------   ------------------------
ASxxxx Linker V02.00 + NoICE + sdld,  page 13.
Hexadecimal

Area                               Addr   Size   Decimal Bytes (Attributes)
--------------------------------   ----   ----   ------- ----- ------------
REG_BANK_1                         0008   0000 =      0. bytes (REL,OVR)

      Value  Global                              Global Defined In Module
      -----  ---------------------------------   ------------------------
ASxxxx Linker V02.00 + NoICE + sdld,  page 14.
Hexadecimal

Area                               Addr   Size   Decimal Bytes (Attributes)
--------------------------------   ----   ----   ------- ----- ------------
REG_BANK_2                         0010   0000 =      0. bytes (REL,OVR)

      Value  Global                              Global Defined In Module
      -----  ---------------------------------   ------------------------
ASxxxx Linker V02.00 + NoICE + sdld,  page 15.
Hexadecimal

Area                               Addr   Size   Decimal Bytes (Attributes)
--------------------------------   ----   ----   ------- ----- ------------
REG_BANK_3                         0018   0000 =      0. bytes (REL,OVR)

      Value  Global                              Global Defined In Module
      -----  ---------------------------------   ------------------------
ASxxxx Linker V02.00 + NoICE + sdld,  page 16.
Hexadecimal

Area                               Addr   Size   Decimal Bytes (Attributes)
--------------------------------   ----   ----   ------- ----- ------------
BSEG                               FFFFFF00   0000 =      0. bytes (REL,CON,BIT)

      Value  Global                              Global Defined In Module
      -----  ---------------------------------   ------------------------
ASxxxx Linker V02.00 + NoICE + sdld,  page 17.
Hexadecimal

Area                               Addr   Size   Decimal Bytes (Attributes)
--------------------------------   ----   ----   ------- ----- ------------
BIT_BANK                           0020   0001 =      1. bytes (REL,OVR)

      Value  Global                              Global Defined In Module
      -----  ---------------------------------   ------------------------
ASxxxx Linker V02.00 + NoICE + sdld,  page 18.
Hexadecimal

Area                               Addr   Size   Decimal Bytes (Attributes)
--------------------------------   ----   ----   ------- ----- ------------
DSEG                               0000   0069 =    105. bytes (REL,CON)

      Value  Global                              Global Defined In Module
      -----  ---------------------------------   ------------------------
            0008  _bp                              
            0021  _SSD_CODE                        
            0032  __addr                           
            0033  _STATE                           
            0034  _RE                              
            0035  _tmpc                            
            0037  _adc                             
            0039  _dis                             
            003B  _timer_ms                        
            003F  _BUZZ                            

ASxxxx Linker V02.00 + NoICE + sdld,  page 19.
Hexadecimal

Area                               Addr   Size   Decimal Bytes (Attributes)
--------------------------------   ----   ----   ------- ----- ------------
OSEG                               0020   0000 =      0. bytes (REL,OVR)

      Value  Global                              Global Defined In Module
      -----  ---------------------------------   ------------------------
ASxxxx Linker V02.00 + NoICE + sdld,  page 20.
Hexadecimal

Area                               Addr   Size   Decimal Bytes (Attributes)
--------------------------------   ----   ----   ------- ----- ------------
ISEG                               0000   0000 =      0. bytes (REL,CON)

      Value  Global                              Global Defined In Module
      -----  ---------------------------------   ------------------------
ASxxxx Linker V02.00 + NoICE + sdld,  page 21.
Hexadecimal

Area                               Addr   Size   Decimal Bytes (Attributes)
--------------------------------   ----   ----   ------- ----- ------------
SSEG                               004F   00B1 =    177. bytes (REL,OVR)

      Value  Global                              Global Defined In Module
      -----  ---------------------------------   ------------------------
            004F  __start__stack                   

ASxxxx Linker V02.00 + NoICE + sdld,  page 22.
Hexadecimal

Area                               Addr   Size   Decimal Bytes (Attributes)
--------------------------------   ----   ----   ------- ----- ------------
PSEG                               0000   0000 =      0. bytes (REL,CON,PAG,XDATA)

      Value  Global                              Global Defined In Module
      -----  ---------------------------------   ------------------------
ASxxxx Linker V02.00 + NoICE + sdld,  page 23.
Hexadecimal

Area                               Addr   Size   Decimal Bytes (Attributes)
--------------------------------   ----   ----   ------- ----- ------------
XSEG                               0000   0000 =      0. bytes (REL,CON,XDATA)

      Value  Global                              Global Defined In Module
      -----  ---------------------------------   ------------------------
ASxxxx Linker V02.00 + NoICE + sdld,  page 24.
Hexadecimal

Area                               Addr   Size   Decimal Bytes (Attributes)
--------------------------------   ----   ----   ------- ----- ------------
XISEG                              0000   0000 =      0. bytes (REL,CON,XDATA)

      Value  Global                              Global Defined In Module
      -----  ---------------------------------   ------------------------
ASxxxx Linker V02.00 + NoICE + sdld,  page 25.
Hexadecimal

Area                               Addr   Size   Decimal Bytes (Attributes)
--------------------------------   ----   ----   ------- ----- ------------
HOME                               0000   0013 =     19. bytes (REL,CON,CODE)

      Value  Global                              Global Defined In Module
      -----  ---------------------------------   ------------------------
       0C:  000E  __sdcc_program_startup           

ASxxxx Linker V02.00 + NoICE + sdld,  page 26.
Hexadecimal

Area                               Addr   Size   Decimal Bytes (Attributes)
--------------------------------   ----   ----   ------- ----- ------------
GSINIT0                            0013   0003 =      3. bytes (REL,CON,CODE)

      Value  Global                              Global Defined In Module
      -----  ---------------------------------   ------------------------
       0C:  0013  __sdcc_gsinit_startup            

ASxxxx Linker V02.00 + NoICE + sdld,  page 27.
Hexadecimal

Area                               Addr   Size   Decimal Bytes (Attributes)
--------------------------------   ----   ----   ------- ----- ------------
GSINIT1                            0016   0000 =      0. bytes (REL,CON,CODE)

      Value  Global                              Global Defined In Module
      -----  ---------------------------------   ------------------------
ASxxxx Linker V02.00 + NoICE + sdld,  page 28.
Hexadecimal

Area                               Addr   Size   Decimal Bytes (Attributes)
--------------------------------   ----   ----   ------- ----- ------------
GSINIT2                            0016   000A =     10. bytes (REL,CON,CODE)

      Value  Global                              Global Defined In Module
      -----  ---------------------------------   ------------------------
ASxxxx Linker V02.00 + NoICE + sdld,  page 29.
Hexadecimal

Area                               Addr   Size   Decimal Bytes (Attributes)
--------------------------------   ----   ----   ------- ----- ------------
GSINIT3                            0020   0022 =     34. bytes (REL,CON,CODE)

      Value  Global                              Global Defined In Module
      -----  ---------------------------------   ------------------------
       0C:  0020  __mcs51_genXINIT                 

ASxxxx Linker V02.00 + NoICE + sdld,  page 30.
Hexadecimal

Area                               Addr   Size   Decimal Bytes (Attributes)
--------------------------------   ----   ----   ------- ----- ------------
GSINIT4                            0042   002A =     42. bytes (REL,CON,CODE)

      Value  Global                              Global Defined In Module
      -----  ---------------------------------   ------------------------
       0C:  0042  __mcs51_genRAMCLEAR              
       0C:  0048  __mcs51_genXRAMCLEAR             

ASxxxx Linker V02.00 + NoICE + sdld,  page 31.
Hexadecimal

Area                               Addr   Size   Decimal Bytes (Attributes)
--------------------------------   ----   ----   ------- ----- ------------
GSINIT5                            006C   0000 =      0. bytes (REL,CON,CODE)

      Value  Global                              Global Defined In Module
      -----  ---------------------------------   ------------------------
ASxxxx Linker V02.00 + NoICE + sdld,  page 32.
Hexadecimal

Area                               Addr   Size   Decimal Bytes (Attributes)
--------------------------------   ----   ----   ------- ----- ------------
GSINIT                             006C   006A =    106. bytes (REL,CON,CODE)

      Value  Global                              Global Defined In Module
      -----  ---------------------------------   ------------------------
ASxxxx Linker V02.00 + NoICE + sdld,  page 33.
Hexadecimal

Area                               Addr   Size   Decimal Bytes (Attributes)
--------------------------------   ----   ----   ------- ----- ------------
GSFINAL                            00D6   0003 =      3. bytes (REL,CON,CODE)

      Value  Global                              Global Defined In Module
      -----  ---------------------------------   ------------------------
ASxxxx Linker V02.00 + NoICE + sdld,  page 34.
Hexadecimal

Area                               Addr   Size   Decimal Bytes (Attributes)
--------------------------------   ----   ----   ------- ----- ------------
CSEG                               00D9   0BE3 =   3043. bytes (REL,CON,CODE)

      Value  Global                              Global Defined In Module
      -----  ---------------------------------   ------------------------
       0C:  00D9  _delay_ms                        
       0C:  00F4  _SPI_WR                          
       0C:  013A  _read_adc3202                    
       0C:  018A  _delay_5                         
       0C:  018F  _BitExtract                      
       0C:  01A5  _SerialDIN                       
       0C:  01C2  _SSD_Number                      
       0C:  02EF  _SSD_Show                        
       0C:  0349  _SSD_Show_Scroll                 
       0C:  03C1  _SSD_INIT                        
       0C:  0416  _I2C_Start                       
       0C:  0420  _I2C_Stop                        
       0C:  042F  _I2C_SendACK                     
       0C:  0440  _I2C_RecvACK                     
       0C:  045C  _I2C_SendByte                    
       0C:  048D  _I2C_RecvByte                    
       0C:  04C4  _Single_WriteI2C                 
       0C:  04F1  _Single_ReadI2C                  
       0C:  0539  _delay_i2c                       
       0C:  053E  _readObjectTemp                  
       0C:  0544  _readAmbientTemp                 
       0C:  054A  _readTemp                        
       0C:  0678  _T0_isr                          
       0C:  08C6  _main                            
       0C:  08E2  ___fssub                         
       0C:  08ED  __divuint                        
       0C:  08F7  __divint                         
       0C:  091E  ___fsmul                         
       0C:  09C1  fsgetargs                        
       0C:  09EF  fs_normalize_a                   
       0C:  0A18  ___fsadd                         
       0C:  0A1B  fsadd_direct_entry               
       0C:  0A71  ___fs2sint                       
       0C:  0AA5  ___uint2fs                       
       0C:  0AB1  fs_round_and_return              
       0C:  0AC9  fs_zerocheck_return              
       0C:  0AD2  fs_return_zero                   
       0C:  0ADA  fs_direct_return                 
       0C:  0AE8  fs_return_inf                    
       0C:  0AF5  fs_return_nan                    
       0C:  0B00  fs_swap_a_b                      
       0C:  0B1A  __gptrget                        
       0C:  0B36  __modsint                        
       0C:  0B73  __moduint                        
       0C:  0B7D  __modint                         
       0C:  0BB8  ___ulong2fs                      
       0C:  0BC1  ulong2fs_doit                    
       0C:  0BCB  __divsint                        
       0C:  0C08  fs_rshift_a                      
       0C:  0C4B  ___fs2slong                      
ASxxxx Linker V02.00 + NoICE + sdld,  page 35.
Hexadecimal

Area                               Addr   Size   Decimal Bytes (Attributes)
--------------------------------   ----   ----   ------- ----- ------------
CSEG                               00D9   0BE3 =   3043. bytes (REL,CON,CODE)

      Value  Global                              Global Defined In Module
      -----  ---------------------------------   ------------------------
       0C:  0CA6  __sdcc_external_startup          
       0C:  0CAA  fsgetarg                         
ASxxxx Linker V02.00 + NoICE + sdld,  page 36.
Hexadecimal

Area                               Addr   Size   Decimal Bytes (Attributes)
--------------------------------   ----   ----   ------- ----- ------------
CONST                              0CBC   0000 =      0. bytes (REL,CON,CODE)

      Value  Global                              Global Defined In Module
      -----  ---------------------------------   ------------------------
ASxxxx Linker V02.00 + NoICE + sdld,  page 37.
Hexadecimal

Area                               Addr   Size   Decimal Bytes (Attributes)
--------------------------------   ----   ----   ------- ----- ------------
XINIT                              0CBC   0000 =      0. bytes (REL,CON,CODE)

      Value  Global                              Global Defined In Module
      -----  ---------------------------------   ------------------------
ASxxxx Linker V02.00 + NoICE + sdld,  page 38.

Files Linked                              [ module(s) ]

Q3MIDE.rel                                [ 


Libraries Linked                          [ object file ]

c:\mide\sdcc\bin\..\lib\small-stack-auto  [ _fssub.rel ]
c:\mide\sdcc\bin\..\lib\small-stack-auto  [ _divuint.rel ]
c:\mide\sdcc\bin\..\lib\small-stack-auto  [ _fsmul.rel ]
c:\mide\sdcc\bin\..\lib\small-stack-auto  [ _fsget2args.rel ]
c:\mide\sdcc\bin\..\lib\small-stack-auto  [ crtclear.rel ]
c:\mide\sdcc\bin\..\lib\small-stack-auto  [ /0               ]
c:\mide\sdcc\bin\..\lib\small-stack-auto  [ crtxinit.rel ]
c:\mide\sdcc\bin\..\lib\small-stack-auto  [ _fsadd.rel ]
c:\mide\sdcc\bin\..\lib\small-stack-auto  [ crtxclear.rel ]
c:\mide\sdcc\bin\..\lib\small-stack-auto  [ _fs2sint.rel ]
c:\mide\sdcc\bin\..\lib\small-stack-auto  [ _uint2fs.rel ]
c:\mide\sdcc\bin\..\lib\small-stack-auto  [ /18              ]
c:\mide\sdcc\bin\..\lib\small-stack-auto  [ _bp.rel ]
c:\mide\sdcc\bin\..\lib\small-stack-auto  [ crtpagesfr.rel ]
c:\mide\sdcc\bin\..\lib\small-stack-auto  [ _fsswapargs.rel ]
c:\mide\sdcc\bin\..\lib\small-stack-auto  [ crtstart.rel ]
c:\mide\sdcc\bin\..\lib\small-stack-auto  [ _gptrget.rel ]
c:\mide\sdcc\bin\..\lib\small-stack-auto  [ _modsint.rel ]
c:\mide\sdcc\bin\..\lib\small-stack-auto  [ _moduint.rel ]
c:\mide\sdcc\bin\..\lib\small-stack-auto  [ _ulong2fs.rel ]
c:\mide\sdcc\bin\..\lib\small-stack-auto  [ _divsint.rel ]
c:\mide\sdcc\bin\..\lib\small-stack-auto  [ _fsrshift.rel ]
c:\mide\sdcc\bin\..\lib\small-stack-auto  [ _fs2slong.rel ]
c:\mide\sdcc\bin\..\lib\small-stack-auto  [ _startup.rel ]
c:\mide\sdcc\bin\..\lib\small-stack-auto  [ _fsget1arg.rel ]

ASxxxx Linker V02.00 + NoICE + sdld,  page 39.

User Base Address Definitions

HOME = 0x0000
ISEG = 0x0000
BSEG = 0x0000

